INSTRUMENTATION_STATUS: class=com.aessam.comeoverhere.GatewayCrossPlatformTLSFixtureTest
INSTRUMENTATION_STATUS: current=1
INSTRUMENTATION_STATUS: id=AndroidJUnitRunner
INSTRUMENTATION_STATUS: numtests=1
INSTRUMENTATION_STATUS: stream=
com.aessam.comeoverhere.GatewayCrossPlatformTLSFixtureTest:
INSTRUMENTATION_STATUS: test=controlledExchange
INSTRUMENTATION_STATUS_CODE: 1
INSTRUMENTATION_STATUS: stream=GATEWAY_PIN=75260f9aed525a4ffbc62a77e25164d713c3a7ef0e0ac34de2537633789a6f1e

INSTRUMENTATION_STATUS_CODE: 0
INSTRUMENTATION_STATUS: class=com.aessam.comeoverhere.GatewayCrossPlatformTLSFixtureTest
INSTRUMENTATION_STATUS: current=1
INSTRUMENTATION_STATUS: id=AndroidJUnitRunner
INSTRUMENTATION_STATUS: numtests=1
INSTRUMENTATION_STATUS: stream=.
INSTRUMENTATION_STATUS: test=controlledExchange
INSTRUMENTATION_STATUS_CODE: 0
INSTRUMENTATION_RESULT: stream=

Time: 0.068

OK (1 test)


INSTRUMENTATION_CODE: -1
