WARNING: We recommend using a newer Android Gradle plugin to use compile SDK version 37.2

This Android Gradle plugin (8.13.2) was tested up to compile SDK version 36.1.

You are strongly encouraged to update your project to use a newer
Android Gradle plugin that has been tested with compile SDK version 37.2.

If you are already using the latest version of the Android Gradle plugin,
you may need to wait until a newer version with support for compile SDK version 37.2 is available.

For more information refer to the compatibility table:
https://d.android.com/r/tools/api-level-support

To suppress this warning, add/update
    android.suppressUnsupportedCompileSdk=37.2
to this project's gradle.properties.
> Task :tour-session-core:checkKotlinGradlePluginConfigurationErrors SKIPPED
> Task :tour-session-core:compileKotlin UP-TO-DATE
> Task :tour-session-core:compileJava NO-SOURCE
> Task :tour-session-core:processResources NO-SOURCE
> Task :tour-session-core:classes UP-TO-DATE
> Task :tour-session-core:jar UP-TO-DATE
> Task :app:checkKotlinGradlePluginConfigurationErrors SKIPPED
> Task :app:preBuild UP-TO-DATE
> Task :app:preDebugBuild UP-TO-DATE
> Task :app:checkDebugAarMetadata UP-TO-DATE
> Task :app:processDebugNavigationResources UP-TO-DATE
> Task :app:compileDebugNavigationResources UP-TO-DATE
> Task :app:generateDebugResValues UP-TO-DATE
> Task :app:mapDebugSourceSetPaths UP-TO-DATE
> Task :app:generateDebugResources UP-TO-DATE
> Task :app:mergeDebugResources UP-TO-DATE
> Task :app:packageDebugResources UP-TO-DATE
> Task :app:parseDebugLocalResources UP-TO-DATE
> Task :app:createDebugCompatibleScreenManifests UP-TO-DATE
> Task :app:extractDeepLinksDebug UP-TO-DATE
> Task :app:processDebugMainManifest UP-TO-DATE
> Task :app:processDebugManifest UP-TO-DATE
> Task :app:processDebugManifestForPackage UP-TO-DATE
> Task :app:processDebugResources UP-TO-DATE
> Task :app:javaPreCompileDebug UP-TO-DATE
> Task :app:preDebugUnitTestBuild UP-TO-DATE
> Task :app:javaPreCompileDebugUnitTest UP-TO-DATE

> Task :app:compileDebugKotlin
w: file://<repo>/Android/app/src/main/java/com/aessam/comeoverhere/core/LocalControlPlane.kt:62:28 'fun resolveService(p0: NsdServiceInfo!, p1: NsdManager.ResolveListener!): Unit' is deprecated. Deprecated in Java.
w: file://<repo>/Android/app/src/main/java/com/aessam/comeoverhere/core/LocalControlPlane.kt:443:32 'var host: InetAddress!' is deprecated. Deprecated in Java.

> Task :app:compileDebugJavaWithJavac NO-SOURCE
> Task :app:processDebugJavaRes UP-TO-DATE
> Task :app:bundleDebugClassesToCompileJar
> Task :app:bundleDebugClassesToRuntimeJar
> Task :app:compileDebugUnitTestKotlin
> Task :app:compileDebugUnitTestJavaWithJavac NO-SOURCE
> Task :app:processDebugUnitTestJavaRes UP-TO-DATE

> Task :app:testDebugUnitTest FAILED

GatewaySessionCoordinatorTest > companionStopRestoresOwnedDiscoveryPreferences FAILED
    java.lang.AssertionError at GatewaySessionCoordinatorTest.kt:49

GatewaySessionCoordinatorTest > guideGatewayEnablesOriginalBranchUntilTourEndsEvenAfterCompanionRemoval FAILED
    java.lang.AssertionError at GatewaySessionCoordinatorTest.kt:37
26 actionable tasks: 5 executed, 21 up-to-date
