INSTRUMENTATION_STATUS: class=com.aessam.comeoverhere.GatewayCrossPlatformTLSFixtureTest
INSTRUMENTATION_STATUS: current=1
INSTRUMENTATION_STATUS: id=AndroidJUnitRunner
INSTRUMENTATION_STATUS: numtests=1
INSTRUMENTATION_STATUS: stream=
com.aessam.comeoverhere.GatewayCrossPlatformTLSFixtureTest:
INSTRUMENTATION_STATUS: test=controlledExchange
INSTRUMENTATION_STATUS_CODE: 1
INSTRUMENTATION_STATUS: stream=GATEWAY_PIN=7b1102572214823d8f4066501287571409a6e724ca86d7ecedd7baa6a8b2bda7

INSTRUMENTATION_STATUS_CODE: 0
INSTRUMENTATION_STATUS: class=com.aessam.comeoverhere.GatewayCrossPlatformTLSFixtureTest
INSTRUMENTATION_STATUS: current=1
INSTRUMENTATION_STATUS: id=AndroidJUnitRunner
INSTRUMENTATION_STATUS: numtests=1
INSTRUMENTATION_STATUS: stream=.
INSTRUMENTATION_STATUS: test=controlledExchange
INSTRUMENTATION_STATUS_CODE: 0
INSTRUMENTATION_RESULT: stream=

Time: 0.108

OK (1 test)


INSTRUMENTATION_CODE: -1
