INSTRUMENTATION_STATUS: class=com.aessam.comeoverhere.GatewayCrossPlatformTLSFixtureTest
INSTRUMENTATION_STATUS: current=1
INSTRUMENTATION_STATUS: id=AndroidJUnitRunner
INSTRUMENTATION_STATUS: numtests=1
INSTRUMENTATION_STATUS: stream=
com.aessam.comeoverhere.GatewayCrossPlatformTLSFixtureTest:
INSTRUMENTATION_STATUS: test=controlledExchange
INSTRUMENTATION_STATUS_CODE: 1
INSTRUMENTATION_STATUS: stream=GATEWAY_SERVER_READY

INSTRUMENTATION_STATUS_CODE: 0
INSTRUMENTATION_STATUS: stream=GATEWAY_PASS bytes=65536 sha256=4b640d85ab3ba30fd02c9fc9db4a8928f416322ad27022ea58a65aaee68a4df2

INSTRUMENTATION_STATUS_CODE: 0
INSTRUMENTATION_STATUS: class=com.aessam.comeoverhere.GatewayCrossPlatformTLSFixtureTest
INSTRUMENTATION_STATUS: current=1
INSTRUMENTATION_STATUS: id=AndroidJUnitRunner
INSTRUMENTATION_STATUS: numtests=1
INSTRUMENTATION_STATUS: stream=.
INSTRUMENTATION_STATUS: test=controlledExchange
INSTRUMENTATION_STATUS_CODE: 0
INSTRUMENTATION_RESULT: stream=

Time: 0.065

OK (1 test)


INSTRUMENTATION_CODE: -1
