INSTRUMENTATION_STATUS: class=com.aessam.comeoverhere.GatewayCrossPlatformTLSFixtureTest
INSTRUMENTATION_STATUS: current=1
INSTRUMENTATION_STATUS: id=AndroidJUnitRunner
INSTRUMENTATION_STATUS: numtests=1
INSTRUMENTATION_STATUS: stream=
com.aessam.comeoverhere.GatewayCrossPlatformTLSFixtureTest:
INSTRUMENTATION_STATUS: test=controlledExchange
INSTRUMENTATION_STATUS_CODE: 1
INSTRUMENTATION_STATUS: stream=GATEWAY_PIN=eeb9ffff5b7166650f4cd57e9a3276b28c55a3f64c940810dbaa1d07667c3d66

INSTRUMENTATION_STATUS_CODE: 0
INSTRUMENTATION_STATUS: class=com.aessam.comeoverhere.GatewayCrossPlatformTLSFixtureTest
INSTRUMENTATION_STATUS: current=1
INSTRUMENTATION_STATUS: id=AndroidJUnitRunner
INSTRUMENTATION_STATUS: numtests=1
INSTRUMENTATION_STATUS: stream=.
INSTRUMENTATION_STATUS: test=controlledExchange
INSTRUMENTATION_STATUS_CODE: 0
INSTRUMENTATION_RESULT: stream=

Time: 0.048

OK (1 test)


INSTRUMENTATION_CODE: -1
