INSTRUMENTATION_STATUS: class=com.aessam.comeoverhere.GatewayDebugControlTest
INSTRUMENTATION_STATUS: current=1
INSTRUMENTATION_STATUS: id=AndroidJUnitRunner
INSTRUMENTATION_STATUS: numtests=5
INSTRUMENTATION_STATUS: stream=
com.aessam.comeoverhere.GatewayDebugControlTest:
INSTRUMENTATION_STATUS: test=rejectsReplayedIDAndUnknownCommands
INSTRUMENTATION_STATUS_CODE: 1
INSTRUMENTATION_STATUS: class=com.aessam.comeoverhere.GatewayDebugControlTest
INSTRUMENTATION_STATUS: current=1
INSTRUMENTATION_STATUS: id=AndroidJUnitRunner
INSTRUMENTATION_STATUS: numtests=5
INSTRUMENTATION_STATUS: stream=.
INSTRUMENTATION_STATUS: test=rejectsReplayedIDAndUnknownCommands
INSTRUMENTATION_STATUS_CODE: 0
INSTRUMENTATION_STATUS: class=com.aessam.comeoverhere.GatewayDebugControlTest
INSTRUMENTATION_STATUS: current=2
INSTRUMENTATION_STATUS: id=AndroidJUnitRunner
INSTRUMENTATION_STATUS: numtests=5
INSTRUMENTATION_STATUS: stream=
INSTRUMENTATION_STATUS: test=readsActualApplicationStatusWithPinnedTLSAndAuthenticatedRequest
INSTRUMENTATION_STATUS_CODE: 1
INSTRUMENTATION_STATUS: class=com.aessam.comeoverhere.GatewayDebugControlTest
INSTRUMENTATION_STATUS: current=2
INSTRUMENTATION_STATUS: id=AndroidJUnitRunner
INSTRUMENTATION_STATUS: numtests=5
INSTRUMENTATION_STATUS: stream=.
INSTRUMENTATION_STATUS: test=readsActualApplicationStatusWithPinnedTLSAndAuthenticatedRequest
INSTRUMENTATION_STATUS_CODE: 0
INSTRUMENTATION_STATUS: class=com.aessam.comeoverhere.GatewayDebugControlTest
INSTRUMENTATION_STATUS: current=3
INSTRUMENTATION_STATUS: id=AndroidJUnitRunner
INSTRUMENTATION_STATUS: numtests=5
INSTRUMENTATION_STATUS: stream=
INSTRUMENTATION_STATUS: test=rejectsWrongHMACBeforeExecutingCommand
INSTRUMENTATION_STATUS_CODE: 1
INSTRUMENTATION_STATUS: class=com.aessam.comeoverhere.GatewayDebugControlTest
INSTRUMENTATION_STATUS: current=3
INSTRUMENTATION_STATUS: id=AndroidJUnitRunner
INSTRUMENTATION_STATUS: numtests=5
INSTRUMENTATION_STATUS: stream=.
INSTRUMENTATION_STATUS: test=rejectsWrongHMACBeforeExecutingCommand
INSTRUMENTATION_STATUS_CODE: 0
INSTRUMENTATION_STATUS: class=com.aessam.comeoverhere.GatewayDebugControlTest
INSTRUMENTATION_STATUS: current=4
INSTRUMENTATION_STATUS: id=AndroidJUnitRunner
INSTRUMENTATION_STATUS: numtests=5
INSTRUMENTATION_STATUS: stream=
INSTRUMENTATION_STATUS: test=listenerCloseFailureCannotSkipCredentialAndExecutorCleanup
INSTRUMENTATION_STATUS_CODE: 1
INSTRUMENTATION_STATUS: class=com.aessam.comeoverhere.GatewayDebugControlTest
INSTRUMENTATION_STATUS: current=4
INSTRUMENTATION_STATUS: id=AndroidJUnitRunner
INSTRUMENTATION_STATUS: numtests=5
INSTRUMENTATION_STATUS: stream=.
INSTRUMENTATION_STATUS: test=listenerCloseFailureCannotSkipCredentialAndExecutorCleanup
INSTRUMENTATION_STATUS_CODE: 0
INSTRUMENTATION_STATUS: class=com.aessam.comeoverhere.GatewayDebugControlTest
INSTRUMENTATION_STATUS: current=5
INSTRUMENTATION_STATUS: id=AndroidJUnitRunner
INSTRUMENTATION_STATUS: numtests=5
INSTRUMENTATION_STATUS: stream=
INSTRUMENTATION_STATUS: test=stopDuringNativeStartupRejectsLateListenerAndCredentials
INSTRUMENTATION_STATUS_CODE: 1
INSTRUMENTATION_STATUS: class=com.aessam.comeoverhere.GatewayDebugControlTest
INSTRUMENTATION_STATUS: current=5
INSTRUMENTATION_STATUS: id=AndroidJUnitRunner
INSTRUMENTATION_STATUS: numtests=5
INSTRUMENTATION_STATUS: stream=.
INSTRUMENTATION_STATUS: test=stopDuringNativeStartupRejectsLateListenerAndCredentials
INSTRUMENTATION_STATUS_CODE: 0
INSTRUMENTATION_RESULT: stream=

Time: 0.69

OK (5 tests)


INSTRUMENTATION_CODE: -1
